// Jest Snapshot v1, https://goo.gl/fbAQLP

exports[`MyFavoritesList should render correctly 1`] = `
<div
  className="my-favorites-list"
>
  <h3>
    favoritedGames
  </h3>
  <div
    className="my-favorites-games"
  >
    <span>
      noFavoritedGames
    </span>
  </div>
</div>
`;
