// Jest Snapshot v1, https://goo.gl/fbAQLP

exports[`FormSelector should render correctly 1`] = `<p />`;
