// Jest Snapshot v1, https://goo.gl/fbAQLP

exports[`LanguageSelector should render correctly 1`] = `
<Fragment>
  <select
    className="language-selector"
    id="language"
    onChange={[Function]}
    value="en"
  >
    <option
      title="language.english"
      value="en"
    >
      language.englishShort
    </option>
    <option
      title="language.finnish"
      value="fi"
    >
      language.finnishShort
    </option>
  </select>
</Fragment>
`;
