// Jest Snapshot v1, https://goo.gl/fbAQLP

exports[`TimesDropdown should render correctly 1`] = `
<TimesDropdown
  i18n={Object {}}
  t={[Function]}
  tReady={true}
/>
`;
