// Jest Snapshot v1, https://goo.gl/fbAQLP

exports[`GroupMembersList should render correctly 1`] = `
<div
  className="group-members-list"
/>
`;
