// Jest Snapshot v1, https://goo.gl/fbAQLP

exports[`DropRow should render correctly 1`] = `
<Fragment>
  <p>
    test label
     
    <span>
      (
      0
      /3)
    </span>
  </p>
  <Connect(Droppable)
    direction="vertical"
    droppableId="testId"
    ignoreContainerClipping={false}
    isCombineEnabled={false}
    isDropDisabled={false}
    type="DEFAULT"
  >
    <Component />
  </Connect(Droppable)>
</Fragment>
`;
